../Core/Src/stm32f3xx_hal_msp.c:64:6:HAL_MspInit	8	static
../Core/Src/stm32f3xx_hal_msp.c:88:6:HAL_ADC_MspInit	24	static
../Core/Src/stm32f3xx_hal_msp.c:128:6:HAL_ADC_MspDeInit	0	static
../Core/Src/stm32f3xx_hal_msp.c:153:6:HAL_OPAMP_MspInit	40	static
../Core/Src/stm32f3xx_hal_msp.c:191:6:HAL_OPAMP_MspDeInit	8	static
../Core/Src/stm32f3xx_hal_msp.c:220:6:HAL_TIM_Base_MspInit	8	static
../Core/Src/stm32f3xx_hal_msp.c:242:6:HAL_TIM_Base_MspDeInit	0	static
../Core/Src/stm32f3xx_hal_msp.c:264:6:HAL_UART_MspInit	40	static
../Core/Src/stm32f3xx_hal_msp.c:303:6:HAL_UART_MspDeInit	8	static
